// Jest Snapshot v1, https://goo.gl/fbAQLP

exports[`Should render ExpenseList with empty message 1`] = `
<div>
  <p>
    You have no expenses.
  </p>
</div>
`;

exports[`Should render ExpenseList with expenses 1`] = `
<div>
  <ExpenseListItem
    amount={195}
    createdAt={0}
    description="gum"
    id="1"
    key="1"
    note=""
  />
  <ExpenseListItem
    amount={400}
    createdAt={-345600000}
    description="cookies"
    id="2"
    key="2"
    note="snickerdoodle"
  />
  <ExpenseListItem
    amount={2500}
    createdAt={345600000}
    description="book"
    id="3"
    key="3"
    note="Before the Storm"
  />
</div>
`;
